version https://git-lfs.github.com/spec/v1
oid sha256:76c770393802d809b520e3c8e0b2dee996e79cc6eb1bdc02f7a498f49a80ab0f
size 69
