version https://git-lfs.github.com/spec/v1
oid sha256:252d8e4975555646f8b4580abb1d9c83a0d04adc004f65cfbb37b25282680ab9
size 9
