version https://git-lfs.github.com/spec/v1
oid sha256:4ea338e3987249d31684f73d7293d48b1cd5fe88b1105ccd9825d8be5a8814dd
size 11
