version https://git-lfs.github.com/spec/v1
oid sha256:cdf467a123c9afb231c0c3118a40990b49eb5cf16640a488fc494e0b8936300e
size 8
